\BOOKMARK [1][-]{section.1}{\376\377\006\105\006\102\006\057\006\105\006\051}{}% 1
\BOOKMARK [2][-]{subsection.1.1}{\376\377\006\047\006\104\006\057\006\110\006\047\006\101\006\071\000\040\006\047\006\104\006\050\006\055\006\053\006\112\006\051}{section.1}% 2
\BOOKMARK [2][-]{subsection.1.2}{\376\377\006\047\006\104\006\045\006\063\006\107\006\047\006\105\006\047\006\052\000\040\006\047\006\104\006\061\006\046\006\112\006\063\006\112\006\051\000\040\006\104\006\104\006\050\006\055\006\053}{section.1}% 3
\BOOKMARK [2][-]{subsection.1.3}{\376\377\006\052\006\106\006\070\006\112\006\105\000\040\006\047\006\104\006\110\006\061\006\102\006\051}{section.1}% 4
\BOOKMARK [1][-]{section.2}{\376\377\006\105\006\106\006\107\006\054\006\112\006\051\000\040\006\047\006\104\006\052\006\055\006\104\006\112\006\104}{}% 5
\BOOKMARK [2][-]{subsection.2.1}{\376\377\006\105\006\061\006\047\006\055\006\104\000\040\006\056\006\067\000\040\006\043\006\106\006\047\006\050\006\112\006\050\000\040\006\047\006\104\006\052\006\055\006\104\006\112\006\104}{section.2}% 6
\BOOKMARK [3][-]{subsubsection.2.1.1}{\376\377\006\047\006\104\006\105\006\061\006\055\006\104\006\051\000\040\006\047\006\104\006\043\006\110\006\104\006\111\000:\000\040\006\047\006\104\006\047\006\063\006\052\006\056\006\061\006\047\006\054\000\040\006\047\006\104\006\107\006\112\006\103\006\104\006\112\000\040\000\050\000A\000S\000T\000\051}{subsection.2.1}% 7
\BOOKMARK [3][-]{subsubsection.2.1.2}{\376\377\006\047\006\104\006\105\006\061\006\055\006\104\006\051\000\040\006\047\006\104\006\053\006\047\006\106\006\112\006\051\000:\000\040\006\047\006\104\006\047\006\063\006\052\006\056\006\061\006\047\006\054\000\040\006\047\006\104\006\057\006\104\006\047\006\104\006\112}{subsection.2.1}% 8
\BOOKMARK [3][-]{subsubsection.2.1.3}{\376\377\006\047\006\104\006\105\006\061\006\055\006\104\006\051\000\040\006\047\006\104\006\053\006\047\006\104\006\053\006\051\000:\000\040\006\047\006\104\006\050\006\106\006\047\006\041\000\040\006\110\006\047\006\104\006\052\006\054\006\105\006\112\006\071}{subsection.2.1}% 9
\BOOKMARK [2][-]{subsection.2.2}{\376\377\006\071\006\102\006\057\000\040\006\047\006\104\006\104\006\107\000\040\000\050\000G\000o\000d\000\040\000N\000o\000d\000e\000s\000\051\000\040\040\024\000\040\006\043\006\103\006\053\006\061\000\040\006\047\006\104\006\105\006\103\006\110\006\106\006\047\006\052\000\040\006\052\006\061\006\047\006\050\006\067\006\047\006\113}{section.2}% 10
\BOOKMARK [1][-]{section.3}{\376\377\006\047\006\104\006\105\006\071\006\105\006\047\006\061\006\112\006\051\000\040\006\047\006\104\006\064\006\047\006\105\006\104\006\051}{}% 11
\BOOKMARK [2][-]{subsection.3.1}{\376\377\006\106\006\070\006\061\006\051\000\040\006\071\006\047\006\105\006\051\000\040\006\071\006\104\006\111\000\040\006\047\006\104\006\067\006\050\006\102\006\047\006\052\000\040\006\047\006\104\006\053\006\104\006\047\006\053}{section.3}% 12
\BOOKMARK [2][-]{subsection.3.2}{\376\377\006\110\006\055\006\057\006\047\006\052\000\040\006\107\006\112\006\103\006\104\000\040\006\047\006\104\006\103\006\110\006\057}{section.3}% 13
\BOOKMARK [2][-]{subsection.3.3}{\376\377\006\052\006\110\006\062\006\112\006\071\000\040\006\047\006\104\006\103\006\110\006\057\000\040\006\047\006\104\006\050\006\112\006\047\006\106\006\112}{section.3}% 14
\BOOKMARK [1][-]{section.4}{\376\377\006\047\006\104\006\054\006\057\006\110\006\104\006\051\000\040\006\110\006\045\006\057\006\047\006\061\006\051\000\040\006\047\006\104\006\060\006\047\006\103\006\061\006\051}{}% 15
\BOOKMARK [2][-]{subsection.4.1}{\376\377\006\106\006\070\006\047\006\105\000\040\006\047\006\104\006\102\006\057\006\061\006\047\006\052\000\040\000\050\000C\000a\000p\000a\000b\000i\000l\000i\000t\000y\000\040\000S\000y\000s\000t\000e\000m\000\051\000\040\040\024\000\040\006\052\006\065\006\106\006\112\006\101\000\040\000A\000+}{section.4}% 16
\BOOKMARK [2][-]{subsection.4.2}{\376\377\006\054\006\057\006\110\006\104\006\051\000\040\000M\000L\000F\000Q\000\040\040\024\000\040\006\052\006\065\006\106\006\112\006\101\000\040\000A}{section.4}% 17
\BOOKMARK [2][-]{subsection.4.3}{\376\377\006\052\006\055\006\065\006\112\006\106\000\040\006\047\006\104\006\105\006\054\006\057\006\110\006\104\000\040\006\110\006\105\006\102\006\047\006\110\006\105\006\051\000\040\006\047\006\104\006\105\006\102\006\047\006\067\006\071\006\047\006\052\000\040\006\047\006\104\006\105\006\052\006\062\006\047\006\105\006\106\006\051\000\040\000\050\000S\000c\000h\000e\000d\000u\000l\000e\000r\000\040\000H\000a\000r\000d\000e\000n\000i\000n\000g\000\051}{section.4}% 18
\BOOKMARK [2][-]{subsection.4.4}{\376\377\006\045\006\057\006\047\006\061\006\051\000\040\006\047\006\104\006\060\006\047\006\103\006\061\006\051}{section.4}% 19
\BOOKMARK [3][-]{subsubsection.4.4.1}{\376\377\006\060\006\047\006\103\006\061\006\051\000\040\006\047\006\104\006\052\006\056\006\062\006\112\006\106\000\040\006\047\006\104\006\105\006\044\006\102\006\052\000\040\000L\000R\000U}{subsection.4.4}% 20
\BOOKMARK [1][-]{section.5}{\376\377\006\106\006\070\006\047\006\105\000\040\000e\000B\000P\000F\000\040\040\024\000\040\006\047\006\104\006\052\006\055\006\102\006\102\000\040\006\110\006\047\006\104\006\052\006\106\006\101\006\112\006\060}{}% 21
\BOOKMARK [2][-]{subsection.5.1}{\376\377\006\105\006\103\006\110\006\106\006\047\006\052\000\040\006\047\006\104\006\106\006\070\006\047\006\105\000\040\006\047\006\104\006\056\006\105\006\063}{section.5}% 22
\BOOKMARK [2][-]{subsection.5.2}{\376\377\006\105\006\071\006\105\006\047\006\061\006\112\006\051\000\040\006\047\006\104\006\042\006\104\006\051\000\040\006\047\006\104\006\047\006\101\006\052\006\061\006\047\006\066\006\112\006\051}{section.5}% 23
\BOOKMARK [2][-]{subsection.5.3}{\376\377\006\105\006\057\006\102\006\102\000\040\006\047\006\104\006\052\006\055\006\104\006\112\006\104\000\040\006\047\006\104\006\052\006\054\006\061\006\112\006\057\006\112}{section.5}% 24
\BOOKMARK [2][-]{subsection.5.4}{\376\377\006\105\006\112\006\062\006\047\006\052\000\040\000e\000B\000P\000F\000\040\006\047\006\104\006\105\006\052\006\102\006\057\006\105\006\051\000\040\000\050\006\043\006\067\006\061\006\110\006\055\006\051\000\040\000O\000b\000s\000i\000d\000i\000a\000n\000-\000T\000i\000e\000r\000\051}{section.5}% 25
\BOOKMARK [1][-]{section.6}{\376\377\006\052\006\055\006\104\006\112\006\104\000\040\006\047\006\104\006\043\006\057\006\047\006\041}{}% 26
\BOOKMARK [2][-]{subsection.6.1}{\376\377\006\105\006\102\006\047\006\112\006\112\006\063\000\040\006\047\006\104\006\043\006\057\006\047\006\041\000\040\006\047\006\104\006\061\006\046\006\112\006\063\006\112\006\051}{section.6}% 27
\BOOKMARK [2][-]{subsection.6.2}{\376\377\006\102\006\047\006\106\006\110\006\106\000\040\006\043\006\105\006\057\006\047\006\104\000\040\040\024\000\040\006\047\006\104\006\052\006\055\006\104\006\112\006\104\000\040\006\047\006\104\006\061\006\112\006\047\006\066\006\112}{section.6}% 28
\BOOKMARK [2][-]{subsection.6.3}{\376\377\006\052\006\102\006\112\006\112\006\105\000\040\006\047\006\104\006\043\006\057\006\047\006\041\000\040\006\105\006\052\006\071\006\057\006\057\000\040\006\047\006\104\006\043\006\050\006\071\006\047\006\057}{section.6}% 29
\BOOKMARK [2][-]{subsection.6.4}{\376\377\006\043\006\057\006\047\006\041\000\040\006\047\006\104\006\103\006\105\000\040\006\047\006\104\006\062\006\105\006\106\006\112\000\040\006\110\006\103\006\101\006\047\006\041\006\051\000\040\006\047\006\104\006\043\006\102\006\101\006\047\006\104}{section.6}% 30
\BOOKMARK [1][-]{section.7}{\376\377\006\105\006\102\006\047\006\061\006\106\006\051\000\040\006\105\006\071\000\040\006\043\006\106\006\110\006\112\006\051\000\040\006\043\006\056\006\061\006\111}{}% 31
\BOOKMARK [2][-]{subsection.7.1}{\376\377\006\101\006\104\006\063\006\101\006\051\000\040\006\047\006\104\006\052\006\065\006\105\006\112\006\105\000\040\006\047\006\104\006\105\006\102\006\047\006\061\006\106\006\051}{section.7}% 32
\BOOKMARK [2][-]{subsection.7.2}{\376\377\006\105\006\102\006\047\006\061\006\106\006\051\000\040\006\106\006\070\006\047\006\105\000\040\000e\000B\000P\000F}{section.7}% 33
\BOOKMARK [2][-]{subsection.7.3}{\376\377\006\047\006\104\006\047\006\056\006\052\006\104\006\047\006\101\006\047\006\052\000\040\006\047\006\104\006\054\006\110\006\107\006\061\006\112\006\051}{section.7}% 34
\BOOKMARK [1][-]{section.8}{\376\377\006\052\006\055\006\104\006\112\006\104\000\040\006\056\006\061\006\112\006\067\006\051\000\040\006\047\006\104\006\105\006\071\006\061\006\101\006\051}{}% 35
\BOOKMARK [2][-]{subsection.8.1}{\376\377\006\045\006\055\006\065\006\047\006\046\006\112\006\047\006\052\000\040\006\047\006\104\006\061\006\063\006\105\000\040\006\047\006\104\006\050\006\112\006\047\006\106\006\112\000\040\006\047\006\104\006\105\006\071\006\061\006\101\006\112}{section.8}% 36
\BOOKMARK [2][-]{subsection.8.2}{\376\377\006\052\006\110\006\062\006\112\006\071\000\040\006\047\006\104\006\105\006\054\006\052\006\105\006\071\006\047\006\052\000\040\006\047\006\104\006\056\006\105\006\063\006\051\000\040\006\071\006\064\006\061\000\040\006\047\006\104\006\043\006\110\006\104\006\111}{section.8}% 37
\BOOKMARK [2][-]{subsection.8.3}{\376\377\006\047\006\103\006\052\006\064\006\047\006\101\000\040\006\047\006\104\006\105\006\054\006\052\006\105\006\071\006\047\006\052\000\040\006\050\006\056\006\110\006\047\006\061\006\062\006\105\006\112\006\051\000\040\006\104\006\110\006\101\006\047\006\106}{section.8}% 38
\BOOKMARK [1][-]{section.9}{\376\377\006\047\006\104\006\043\006\050\006\055\006\047\006\053\000\040\006\047\006\104\006\105\006\052\006\102\006\057\006\105\006\051\000\040\006\110\006\047\006\104\006\052\006\055\006\057\006\112\006\047\006\052}{}% 39
\BOOKMARK [2][-]{subsection.9.1}{\376\377\006\052\006\055\006\057\006\112\006\047\006\052\000\040\006\047\006\104\006\052\006\062\006\047\006\105\006\106\000\040\006\101\006\112\000\040\006\047\006\104\006\105\006\052\006\071\006\057\006\057\000\040\006\047\006\104\006\106\006\110\006\111}{section.9}% 40
\BOOKMARK [2][-]{subsection.9.2}{\376\377\006\043\006\105\006\047\006\106\000\040\006\047\006\104\006\060\006\047\006\103\006\061\006\051\000:\000\040\000S\000M\000E\000P\000\040\000/\000\040\000S\000M\000A\000P\000\040\000/\000\040\000U\000M\000I\000P}{section.9}% 41
\BOOKMARK [2][-]{subsection.9.3}{\376\377\006\056\006\067\000\040\006\043\006\106\006\047\006\050\006\112\006\050\000\040\000Z\000e\000r\000o\000-\000C\000o\000p\000y}{section.9}% 42
\BOOKMARK [2][-]{subsection.9.4}{\376\377\006\047\006\104\006\057\006\105\006\054\000\040\000R\000u\000s\000t\000/\000Z\000i\000g\000\040\000F\000F\000I}{section.9}% 43
\BOOKMARK [2][-]{subsection.9.5}{\376\377\006\105\006\057\006\112\006\061\000\040\006\047\006\104\006\071\006\061\006\066\000\040\006\047\006\104\006\056\006\067\006\112\000\040\006\110\006\105\006\057\006\112\006\061\000\040\006\047\006\104\006\106\006\110\006\047\006\101\006\060\000\040\006\047\006\104\006\105\006\052\006\067\006\110\006\061\000\040\000\050\000L\000i\000n\000e\000a\000r\000\040\000F\000r\000a\000m\000e\000b\000u\000f\000f\000e\000r\000\040\000\046\000\040\000N\000W\000C\000C\000\040\000C\000o\000m\000p\000o\000s\000i\000t\000o\000r\000\051}{section.9}% 44
\BOOKMARK [1][-]{section.10}{\376\377\006\063\006\061\006\071\006\051\000\040\006\047\006\104\006\052\006\067\006\110\006\112\006\061\000\040\006\110\006\047\006\104\006\045\006\106\006\052\006\047\006\054\006\112\006\051}{}% 45
\BOOKMARK [2][-]{subsection.10.1}{\376\377\006\105\006\102\006\047\006\112\006\112\006\063\000\040\006\047\006\104\006\045\006\106\006\052\006\047\006\054\006\112\006\051}{section.10}% 46
\BOOKMARK [2][-]{subsection.10.2}{\376\377\006\054\006\057\006\110\006\104\000\040\006\062\006\105\006\106\006\112\000\040\006\104\006\104\006\052\006\067\006\110\006\112\006\061}{section.10}% 47
\BOOKMARK [1][-]{section.11}{\376\377\006\067\006\050\006\102\006\051\000\040\006\047\006\063\006\052\006\057\006\071\006\047\006\041\006\047\006\052\000\040\006\047\006\104\006\106\006\070\006\047\006\105\000\040\000\050\000A\000B\000I\000\040\000L\000a\000y\000e\000r\000\051}{}% 48
\BOOKMARK [2][-]{subsection.11.1}{\376\377\006\052\006\110\006\063\006\112\006\071\000\040\006\047\006\063\006\052\006\057\006\071\006\047\006\041\006\047\006\052\000\040\006\047\006\104\006\052\006\110\006\047\006\101\006\102\006\112\006\051\000\040\000\050\000P\000O\000S\000I\000X\000\040\000\046\000\040\000I\000P\000C\000\040\000E\000x\000p\000a\000n\000s\000i\000o\000n\000\051}{section.11}% 49
\BOOKMARK [1][-]{section.12}{\376\377\006\047\006\104\006\056\006\047\006\052\006\105\006\051\000\040\006\110\006\047\006\104\006\071\006\105\006\104\000\040\006\047\006\104\006\105\006\063\006\052\006\102\006\050\006\104\006\112}{}% 50
\BOOKMARK [2][-]{subsection.12.1}{\376\377\006\047\006\104\006\056\006\104\006\047\006\065\006\051}{section.12}% 51
\BOOKMARK [2][-]{subsection.12.2}{\376\377\006\047\006\104\006\043\006\110\006\104\006\110\006\112\006\047\006\052\000\040\006\047\006\104\006\105\006\063\006\052\006\102\006\050\006\104\006\112\006\051}{section.12}% 52
